Γû▓ Next.js 16.1.6 (Turbopack)
- Environments: .env.local

  Creating an optimized production build ...
Γ£ô Compiled successfully in 2.6s
  Running TypeScript ...
  Collecting page data using 15 workers ...
  Generating static pages using 15 workers (0/7) ...
  Generating static pages using 15 workers (1/7) 
node.exe : Error occurred prerendering 
page "/". Read more: https://nextjs.org/doc
s/messages/prerender-error
At line:1 char:1
+ & "C:\Program Files\nodejs/node.exe" 
"C:\Program Files\nodejs/node_mo ...
+ ~~~~~~~~~~~~~~~~~~~~~~~~~~~~~~~~~~~~~~~~~
~~~~~~~~~~~~~~~~~~~~~~~~~~~~
    + CategoryInfo          : NotSpecified 
   : (Error occurred ...prerender-error:S  
  tring) [], RemoteException
    + FullyQualifiedErrorId : NativeComman 
   dError
 
Invariant Violation: An error occurred! 
For more details, see the full error text 
at https://go.apollo.dev/c/err#%7B%22versio
n%22%3A%223.14.1%22%2C%22message%22%3A78%2C
%22args%22%3A%5B%5D%7D
    at new b (C:\Users\ridzk\.gemini\antigr
avity\scratch\NEXUM\nexum-app\.next\server\
chunks\ssr\_7cb14564._.js:1:3429)
    at z (C:\Users\ridzk\.gemini\antigravit
y\scratch\NEXUM\nexum-app\.next\server\chun
ks\ssr\_7cb14564._.js:1:3653)
    at <unknown> (C:\Users\ridzk\.gemini\an
tigravity\scratch\NEXUM\nexum-app\.next\ser
ver\chunks\ssr\_7cb14564._.js:1:4443)
    at bQ (C:\Users\ridzk\.gemini\antigravi
ty\scratch\NEXUM\nexum-app\.next\server\chu
nks\ssr\_7cb14564._.js:1:46033)
    at cB (C:\Users\ridzk\.gemini\antigravi
ty\scratch\NEXUM\nexum-app\.next\server\chu
nks\ssr\_7cb14564._.js:21:53) {
  framesToPop: 1,
  digest: '3083142259',
  constructor: [Function: b]
}
Export encountered an error on /page: /, 
exiting the build.
Γ¿» Next.js build worker exited with code: 
1 and signal: null
